dry-running 24 postings
timeout      greenhouse     Anduril · Winter 2027 Electrical Engineer Co-op
timeout      greenhouse     Formlabs · Hardware Test Engineering Intern (Winter/Spring 2027)
timeout      greenhouse     Rocket Lab · Test Engineering Intern - Manufacturing Spring 2027
timeout      greenhouse     PsiQuantum · Intern, Optical Packaging and Characterization Engineer
timeout      greenhouse     Interstates · Instrumentation – Manufacturing & Automation Intern
timeout      greenhouse     Akuna Capital · Hardware Engineer Intern
timeout      ashby          Etched · RTL Intern
timeout      ashby          Skydio · Electrical Engineer Intern - Winter 2027
timeout      ashby          Skydio · Hardware Product Management Intern - Fall 2026/Winter 2027
timeout      ashby          1X · Internship - Manufacturing Engineering
timeout      ashby          Etched · Chip Simulation Software Intern
timeout      ashby          Etched · DFT Intern
timeout      lever          Hermeus · Avionics Electrical Engineering Intern - Spring/Summer 2027
timeout      lever          Quantinuum · Layout Automation Engineering Intern
timeout      lever          Hermeus · Subsystem Test Engineering Intern - Spring/Summer 2027
timeout      lever          Shield AI · Electrical Engineering Spring Co-op (January 2027) (R4475)
timeout      lever          Hermeus · Environmental, Health, and Safety (EHS) Intern - 2027
timeout      lever          Hermeus · Flight Operations & Airworthiness Engineering Intern - Spring/Summer/Fall 2027
timeout      smartrecruiters Wabtec · Firmware Engineering Co-Op (January-June 2027)
timeout      smartrecruiters Lawrence Livermore National Laboratory · CGSR Undergraduate Research Associate - Spring 2027
timeout      smartrecruiters Wabtec · Firmware Engineer Co-op
timeout      smartrecruiters Renesas · Embedded Systems Intern
timeout      smartrecruiters Renesas Electronics · Embedded Systems Intern
timeout      smartrecruiters Renesas · Integrated Сircuit Test Engineer - Intern
{
 "greenhouse": {
  "timeout": 6
 },
 "ashby": {
  "timeout": 6
 },
 "lever": {
  "timeout": 6
 },
 "smartrecruiters": {
  "timeout": 6
 }
}
